---
source: compiler/parser/src/context.rs
expression: parse_ast
---
[
    Located {
        location: Location {
            row: 1,
            column: 1,
        },
        custom: (),
        node: AnnAssign {
            target: Located {
                location: Location {
                    row: 1,
                    column: 1,
                },
                custom: (),
                node: Name {
                    id: "x",
                    ctx: Store,
                },
            },
            annotation: Located {
                location: Location {
                    row: 1,
                    column: 4,
                },
                custom: (),
                node: Name {
                    id: "int",
                    ctx: Load,
                },
            },
            value: Some(
                Located {
                    location: Location {
                        row: 1,
                        column: 10,
                    },
                    custom: (),
                    node: Constant {
                        value: Int(
                            1,
                        ),
                        kind: None,
                    },
                },
            ),
            simple: 1,
        },
    },
]
