---
source: compiler/parser/src/context.rs
expression: parse_ast
---
[
    Located {
        location: Location {
            row: 1,
            column: 1,
        },
        custom: (),
        node: Assign {
            targets: [
                Located {
                    location: Location {
                        row: 1,
                        column: 1,
                    },
                    custom: (),
                    node: Name {
                        id: "x",
                        ctx: Store,
                    },
                },
            ],
            value: Located {
                location: Location {
                    row: 1,
                    column: 5,
                },
                custom: (),
                node: ListComp {
                    elt: Located {
                        location: Location {
                            row: 1,
                            column: 6,
                        },
                        custom: (),
                        node: Name {
                            id: "y",
                            ctx: Load,
                        },
                    },
                    generators: [
                        Comprehension {
                            target: Located {
                                location: Location {
                                    row: 1,
                                    column: 12,
                                },
                                custom: (),
                                node: Name {
                                    id: "y",
                                    ctx: Store,
                                },
                            },
                            iter: Located {
                                location: Location {
                                    row: 1,
                                    column: 18,
                                },
                                custom: (),
                                node: Tuple {
                                    elts: [
                                        Located {
                                            location: Location {
                                                row: 1,
                                                column: 18,
                                            },
                                            custom: (),
                                            node: Constant {
                                                value: Int(
                                                    1,
                                                ),
                                                kind: None,
                                            },
                                        },
                                        Located {
                                            location: Location {
                                                row: 1,
                                                column: 21,
                                            },
                                            custom: (),
                                            node: Constant {
                                                value: Int(
                                                    2,
                                                ),
                                                kind: None,
                                            },
                                        },
                                        Located {
                                            location: Location {
                                                row: 1,
                                                column: 24,
                                            },
                                            custom: (),
                                            node: Constant {
                                                value: Int(
                                                    3,
                                                ),
                                                kind: None,
                                            },
                                        },
                                    ],
                                    ctx: Load,
                                },
                            },
                            ifs: [],
                            is_async: 0,
                        },
                    ],
                },
            },
            type_comment: None,
        },
    },
]
