---
source: compiler/parser/src/string.rs
expression: parse_ast
---
[
    Located {
        start: Location {
            row: 1,
            column: 2,
        },
        end: Location {
            row: 1,
            column: 18,
        },
        custom: (),
        node: Expr {
            value: Located {
                start: Location {
                    row: 1,
                    column: 2,
                },
                end: Location {
                    row: 1,
                    column: 9,
                },
                custom: (),
                node: JoinedStr {
                    values: [
                        Located {
                            start: Location {
                                row: 1,
                                column: 2,
                            },
                            end: Location {
                                row: 1,
                                column: 9,
                            },
                            custom: (),
                            node: Constant {
                                value: Str(
                                    "Hello world",
                                ),
                                kind: None,
                            },
                        },
                    ],
                },
            },
        },
    },
]
