---
source: compiler/parser/src/context.rs
expression: parse_ast
---
[
    Located {
        location: Location {
            row: 1,
            column: 1,
        },
        custom: (),
        node: Assign {
            targets: [
                Located {
                    location: Location {
                        row: 1,
                        column: 1,
                    },
                    custom: (),
                    node: List {
                        elts: [
                            Located {
                                location: Location {
                                    row: 1,
                                    column: 2,
                                },
                                custom: (),
                                node: Name {
                                    id: "x",
                                    ctx: Store,
                                },
                            },
                            Located {
                                location: Location {
                                    row: 1,
                                    column: 5,
                                },
                                custom: (),
                                node: Name {
                                    id: "y",
                                    ctx: Store,
                                },
                            },
                        ],
                        ctx: Store,
                    },
                },
            ],
            value: Located {
                location: Location {
                    row: 1,
                    column: 11,
                },
                custom: (),
                node: Tuple {
                    elts: [
                        Located {
                            location: Location {
                                row: 1,
                                column: 11,
                            },
                            custom: (),
                            node: Constant {
                                value: Int(
                                    1,
                                ),
                                kind: None,
                            },
                        },
                        Located {
                            location: Location {
                                row: 1,
                                column: 14,
                            },
                            custom: (),
                            node: Constant {
                                value: Int(
                                    2,
                                ),
                                kind: None,
                            },
                        },
                        Located {
                            location: Location {
                                row: 1,
                                column: 17,
                            },
                            custom: (),
                            node: Constant {
                                value: Int(
                                    3,
                                ),
                                kind: None,
                            },
                        },
                    ],
                    ctx: Load,
                },
            },
            type_comment: None,
        },
    },
]
