---
source: compiler/parser/src/string.rs
expression: parse_ast
---
[
    Located {
        start: Location {
            row: 1,
            column: 3,
        },
        end: Location {
            row: 1,
            column: 23,
        },
        custom: (),
        node: Expr {
            value: Located {
                start: Location {
                    row: 1,
                    column: 3,
                },
                end: Location {
                    row: 1,
                    column: 10,
                },
                custom: (),
                node: JoinedStr {
                    values: [
                        Located {
                            start: Location {
                                row: 1,
                                column: 3,
                            },
                            end: Location {
                                row: 1,
                                column: 10,
                            },
                            custom: (),
                            node: Constant {
                                value: Str(
                                    "Hello world!",
                                ),
                                kind: Some(
                                    "u",
                                ),
                            },
                        },
                    ],
                },
            },
        },
    },
]
