---
source: compiler/parser/src/parser.rs
expression: parse_ast
---
[
    Located {
        start: Location {
            row: 1,
            column: 1,
        },
        end: Location {
            row: 1,
            column: 24,
        },
        custom: (),
        node: Expr {
            value: Located {
                start: Location {
                    row: 1,
                    column: 1,
                },
                end: Location {
                    row: 1,
                    column: 24,
                },
                custom: (),
                node: Call {
                    func: Located {
                        start: Location {
                            row: 1,
                            column: 1,
                        },
                        end: Location {
                            row: 1,
                            column: 6,
                        },
                        custom: (),
                        node: Name {
                            id: "print",
                            ctx: Load,
                        },
                    },
                    args: [
                        Located {
                            start: Location {
                                row: 1,
                                column: 8,
                            },
                            end: Location {
                                row: 1,
                                column: 20,
                            },
                            custom: (),
                            node: Constant {
                                value: Str(
                                    "Hello world",
                                ),
                                kind: None,
                            },
                        },
                        Located {
                            start: Location {
                                row: 1,
                                column: 22,
                            },
                            end: Location {
                                row: 1,
                                column: 23,
                            },
                            custom: (),
                            node: Constant {
                                value: Int(
                                    2,
                                ),
                                kind: None,
                            },
                        },
                    ],
                    keywords: [],
                },
            },
        },
    },
]
