---
source: compiler/parser/src/context.rs
expression: parse_ast
---
[
    Located {
        location: Location {
            row: 1,
            column: 1,
        },
        end_location: Location {
            row: 1,
            column: 6,
        },
        custom: (),
        node: Delete {
            targets: [
                Located {
                    location: Location {
                        row: 1,
                        column: 5,
                    },
                    end_location: Location {
                        row: 1,
                        column: 6,
                    },
                    custom: (),
                    node: Name {
                        id: "x",
                        ctx: Del,
                    },
                },
            ],
        },
    },
]
